2026-08-15 18:13:23,371 INFO o.a.j.u.JMeterUtils: Setting Locale to en_EN
2026-08-15 18:13:23,382 INFO o.a.j.JMeter: Loading user properties from: /Users/nguyenhoangphihung/.local/opt/apache-jmeter-5.6.3/bin/user.properties
2026-08-15 18:13:23,382 INFO o.a.j.JMeter: Loading system properties from: /Users/nguyenhoangphihung/.local/opt/apache-jmeter-5.6.3/bin/system.properties
2026-08-15 18:13:23,385 INFO o.a.j.JMeter: Copyright (c) 1998-2024 The Apache Software Foundation
2026-08-15 18:13:23,385 INFO o.a.j.JMeter: Version 5.6.3
2026-08-15 18:13:23,385 INFO o.a.j.JMeter: java.version=24
2026-08-15 18:13:23,385 INFO o.a.j.JMeter: java.vm.name=Java HotSpot(TM) 64-Bit Server VM
2026-08-15 18:13:23,386 INFO o.a.j.JMeter: os.name=Mac OS X
2026-08-15 18:13:23,386 INFO o.a.j.JMeter: os.arch=aarch64
2026-08-15 18:13:23,386 INFO o.a.j.JMeter: os.version=26.3
2026-08-15 18:13:23,386 INFO o.a.j.JMeter: file.encoding=UTF-8
2026-08-15 18:13:23,386 INFO o.a.j.JMeter: java.awt.headless=null
2026-08-15 18:13:23,386 INFO o.a.j.JMeter: Max memory     =1073741824
2026-08-15 18:13:23,386 INFO o.a.j.JMeter: Available Processors =10
2026-08-15 18:13:23,392 INFO o.a.j.JMeter: Default Locale=English (EN)
2026-08-15 18:13:23,392 INFO o.a.j.JMeter: JMeter  Locale=English (EN)
2026-08-15 18:13:23,392 INFO o.a.j.JMeter: JMeterHome=/Users/nguyenhoangphihung/.local/opt/apache-jmeter-5.6.3
2026-08-15 18:13:23,392 INFO o.a.j.JMeter: user.dir  =/Users/nguyenhoangphihung/Document/ky_3/SoftwareTesting-Homework
2026-08-15 18:13:23,392 INFO o.a.j.JMeter: PWD       =/Users/nguyenhoangphihung/Document/ky_3/SoftwareTesting-Homework
2026-08-15 18:13:23,395 INFO o.a.j.JMeter: IP: 127.0.0.1 Name: Phi-Hero.local FullName: localhost
2026-08-15 18:13:23,401 INFO o.a.j.JMeter: Loaded icon properties from org/apache/jmeter/images/icon.properties
2026-08-15 18:13:23,615 INFO o.a.j.JMeterGuiLauncher: Setting LAF to: com.github.weisj.darklaf.DarkLaf:com.github.weisj.darklaf.theme.DarculaTheme
2026-08-15 18:13:24,572 INFO o.a.j.JMeterGuiLauncher: Loading file: tests/23127194_Load_20260812.jmx
2026-08-15 18:13:24,574 INFO o.a.j.s.FileServer: Default base='/Users/nguyenhoangphihung/Document/ky_3/SoftwareTesting-Homework'
2026-08-15 18:13:24,574 INFO o.a.j.s.FileServer: Set new base='/Users/nguyenhoangphihung/Document/ky_3/SoftwareTesting-Homework/tests'
2026-08-15 18:13:24,706 INFO o.a.j.s.SaveService: Testplan (JMX) version: 2.2. Testlog (JTL) version: 2.2
2026-08-15 18:13:24,727 INFO o.a.j.s.SaveService: Using SaveService properties version 5.0
2026-08-15 18:13:24,729 INFO o.a.j.s.SaveService: Using SaveService properties file encoding UTF-8
2026-08-15 18:13:24,730 INFO o.a.j.s.SaveService: Loading file: tests/23127194_Load_20260812.jmx
2026-08-15 18:13:24,730 ERROR o.a.j.JMeterGuiLauncher: Failure loading test file
java.io.FileNotFoundException: tests/23127194_Load_20260812.jmx (No such file or directory)
	at java.base/java.io.FileInputStream.open0(Native Method) ~[?:?]
	at java.base/java.io.FileInputStream.open(FileInputStream.java:185) ~[?:?]
	at java.base/java.io.FileInputStream.<init>(FileInputStream.java:139) ~[?:?]
	at org.apache.jmeter.save.SaveService.loadTree(SaveService.java:426) ~[ApacheJMeter_core.jar:5.6.3]
	at org.apache.jmeter.JMeterGuiLauncher$loadFile$2.invokeSuspend(JMeterGuiLauncher.kt:140) ~[ApacheJMeter_core.jar:5.6.3]
	at kotlin.coroutines.jvm.internal.BaseContinuationImpl.resumeWith(ContinuationImpl.kt:33) ~[kotlin-stdlib-1.9.22.jar:1.9.22-release-704]
	at kotlinx.coroutines.DispatchedTask.run(DispatchedTask.kt:108) ~[kotlinx-coroutines-core-jvm-1.7.3.jar:?]
	at kotlinx.coroutines.scheduling.CoroutineScheduler.runSafely(CoroutineScheduler.kt:584) ~[kotlinx-coroutines-core-jvm-1.7.3.jar:?]
	at kotlinx.coroutines.scheduling.CoroutineScheduler$Worker.executeTask(CoroutineScheduler.kt:793) ~[kotlinx-coroutines-core-jvm-1.7.3.jar:?]
	at kotlinx.coroutines.scheduling.CoroutineScheduler$Worker.runWorker(CoroutineScheduler.kt:697) ~[kotlinx-coroutines-core-jvm-1.7.3.jar:?]
	at kotlinx.coroutines.scheduling.CoroutineScheduler$Worker.run(CoroutineScheduler.kt:684) ~[kotlinx-coroutines-core-jvm-1.7.3.jar:?]
2026-08-15 18:13:24,734 ERROR o.a.j.u.JMeterUtils: java.io.FileNotFoundException: tests/23127194_Load_20260812.jmx (No such file or directory)
